// Jest Snapshot v1, https://goo.gl/fbAQLP

exports[`can be used as template literal 1`] = `
"*[
_type == \\"book\\" &&
releaseYear == 1950 &&
categoryId in [13,15]
] {
title,
releaseYear,
}"
`;

exports[`handles full query 1`] = `
"{
\\"basic test\\": 'works',
\\"test \\\\\\"escaped\\\\\\"\\": '\\\\'works\\\\'',
\\"draft\\": *[_id in path (\\"drafts.**\\")] [ 0 ],
'it\\\\'s
	\\"aliased\\"': * [ _type == \\"author\\" ] {
... ,
name,
\\"cat \\\\\\"C:\\\\test\\\\\\\\\\\\\\"spaced file.txt\\\\\\\\\\\\\\"\\": awards[ @ == \\"Noe  \\\\\\"optimistisk\\\\\\"\\" ]
} | order ( _createdAt desc ) [ 0 ] [ 0 ... 2 ] ,
\\"static\\": 'value   
   with spacing'
}"
`;

exports[`handles multiple pipes 1`] = `
"* [ _type == \\"author\\" && birthYear > 1950] {
name,
birthYear,
\\"books\\": books[]->{
title
}
} | order (birthYear asc) | [ 0 ... 50 ]"
`;

exports[`handles selects, newlined pipes 1`] = `
"* [ _type == \\"author\\" && birthYear > 1950]
| order (
birthYear
asc
)
| [ 0 ... 50 ]
| {
name,
birthYear,
\\"popularity\\": select(
popularity > 20 => \\"high\\",
popularity > 10 => \\"medium\\",
popularity <= 10 => \\"low\\",
),
\\"books\\": favoriteBooks[]->{
_type == \\"book\\" => {
title
},
_type == \\"manuscript\\" => {
title,
kind
}
}
}"
`;
